
Folder gemaakt, Git Bash gestart vanaf Windows Explorer op deze folder

KP@BMSCLT2021011 MINGW64 /d/Test
$ mkdir 1stProject

KP@BMSCLT2021011 MINGW64 /d/Test
$ ls
1stProject/

KP@BMSCLT2021011 MINGW64 /d/Test
$ cd ./1stProject

KP@BMSCLT2021011 MINGW64 /d/Test/1stProject
$ git init
Initialized empty Git repository in D:/Test/1stProject/.git/

KP@BMSCLT2021011 MINGW64 /d/Test/1stProject (master)
$ git status
On branch master

No commits yet

nothing to commit (create/copy files and use "git add" to track)

KP@BMSCLT2021011 MINGW64 /d/Test/1stProject (master)
$ git status
On branch master

No commits yet

Untracked files:
  (use "git add <file>..." to include in what will be committed)
        SourceFile.txt

nothing added to commit but untracked files present (use "git add" to track)

KP@BMSCLT2021011 MINGW64 /d/Test/1stProject (master)
$ git add SourceFile.txt

KP@BMSCLT2021011 MINGW64 /d/Test/1stProject (master)
$ git status
On branch master

No commits yet

Changes to be committed:
  (use "git rm --cached <file>..." to unstage)
        new file:   SourceFile.txt


KP@BMSCLT2021011 MINGW64 /d/Test/1stProject (master)
$ git commit -m "start 1stProject with initial SourceFile"
[master (root-commit) 2ab05f6] start 1stProject with initial SourceFile
 Committer: Pas <Kris.Pas@bmsvision.com>
Your name and email address were configured automatically based
on your username and hostname. Please check that they are accurate.
You can suppress this message by setting them explicitly. Run the
following command and follow the instructions in your editor to edit
your configuration file:

    git config --global --edit

After doing this, you may fix the identity used for this commit with:

    git commit --amend --reset-author

 1 file changed, 1 insertion(+)
 create mode 100644 SourceFile.txt

KP@BMSCLT2021011 MINGW64 /d/Test/1stProject (master)
$ git status
On branch master
nothing to commit, working tree clean



oefening branch

git branch BugFix
git checkout BugFix (naar branch)
git checkout Master (terug naar master)
